
> react-example@0.0.0 build
> vite build

[36mvite v6.4.1 [32mbuilding for production...[36m[39m
[32mΓ£ô[39m 0 modules transformed.
node.exe : 
[31mΓ£ù[39m Build 
failed in 23ms
At C:\Program Files\nod
ejs\npm.ps1:29 char:3
+   & $NODE_EXE 
$NPM_CLI_JS $args
+   ~~~~~~~~~~~~~~~~~~~
~~~~~~~~~~
    + CategoryInfo     
         : NotSpecifi  
  ed: ([31mΓ£ù[39m   
  Build failed in 2    
3ms:String) [], Re    
moteException
    + FullyQualifiedEr 
   rorId : NativeComm  
  andError
 
[31merror during 
build:
[31m[vite:build-html] 
Transform failed with 
1 error:
C:/Users/LENOVO/Desktop
/Questoria/questoria-js
/src/main.jsx:8:42: 
ERROR: Unexpected 
"!"[31m
file: [36mC:/Users/LEN
OVO/Desktop/Questoria/q
uestoria-js/src/main.js
x:8:42 (C:/Users/LENOVO
/Desktop/Questoria/ques
toria-js/index.html)[3
1m
[33m
[33mUnexpected 
"!"[33m
6  |  import 
'./index.css';
7  |  
8  |  createRoot(docume
nt.getElementById('root
')!).render(
   |                   
                       
  ^
9  |    <StrictMode>
10 |      
<ErrorBoundary>
[31m
    at 
failureErrorWithLog (C:
\Users\LENOVO\Desktop\Q
uestoria\questoria-js\n
ode_modules\vite\node_m
odules\esbuild\lib\main
.js:1467:15)
    at C:\Users\LENOVO\
Desktop\Questoria\quest
oria-js\node_modules\vi
te\node_modules\esbuild
\lib\main.js:736:50
    at responseCallback
s.<computed> (C:\Users\
LENOVO\Desktop\Questori
a\questoria-js\node_mod
ules\vite\node_modules\
esbuild\lib\main.js:603
:9)
    at 
handleIncomingPacket (C
:\Users\LENOVO\Desktop\
Questoria\questoria-js\
node_modules\vite\node_
modules\esbuild\lib\mai
n.js:658:12)
    at 
Socket.readFromStdout (
C:\Users\LENOVO\Desktop
\Questoria\questoria-js
\node_modules\vite\node
_modules\esbuild\lib\ma
in.js:581:7)
    at Socket.emit 
(node:events:518:28)
    at addChunk (node:i
nternal/streams/readabl
e:561:12)
    at readableAddChunk
PushByteMode (node:inte
rnal/streams/readable:5
12:3)
    at Readable.push (n
ode:internal/streams/re
adable:392:5)
    at 
Pipe.onStreamRead (node
:internal/stream_base_c
ommons:189:23)[39m
